============================= test session starts =============================
platform win32 -- Python 3.11.9, pytest-9.0.1, pluggy-1.6.0 -- C:\Users\Jussara Thomaz\AppData\Local\Programs\Python\Python311\python.exe
cachedir: .pytest_cache
rootdir: C:\Users\Jussara Thomaz\Documents\VERTIV_V6_GLOBAL
plugins: anyio-4.12.0, locust-2.42.6, asyncio-1.3.0
asyncio: mode=Mode.STRICT, debug=False, asyncio_default_fixture_loop_scope=None, asyncio_default_test_loop_scope=function
collecting ... collected 2 items

tests/integration/test_api_flow.py::test_api_quick_calculate_dispatch PASSED [ 50%]
tests/integration/test_api_flow.py::test_p1_analyze_secured PASSED       [100%]

============================== warnings summary ===============================
..\..\AppData\Local\Programs\Python\Python311\Lib\site-packages\supabase\__init__.py:1
  C:\Users\Jussara Thomaz\AppData\Local\Programs\Python\Python311\Lib\site-packages\supabase\__init__.py:1: DeprecationWarning: The `gotrue` package is deprecated, is not going to receive updates in the future. Please, use `supabase_auth` instead.
    from gotrue.errors import (

-- Docs: https://docs.pytest.org/en/stable/how-to/capture-warnings.html
======================== 2 passed, 1 warning in 7.98s =========================
